I'm sorry, but errors were detected in your script. Please correct the
errors listed below, and try again.


File "game/script_alexander_ch1.rpy", line 927: 'auto' is not a keyword argument or valid child of the screen statement.
    auto "images/game/table_button_%s.png" focus_mask True
        ^

Ren'Py Version: Ren'Py 8.1.2.23090503
Fri Nov 21 23:43:50 2025
